// Jest Snapshot v1, https://goo.gl/fbAQLP

exports[`MoviesContainerOfContainers MoviesContainer should match snapshot with all data being passed in correctly 1`] = `
<section
  className="movies-containers"
>
  <header>
    <h1
      className="h1-cinema-night"
    >
      CINEMA NIGHT
    </h1>
    <div
      className="div__movie--title"
    >
      <h6
        className="h6--playing title"
      >
        Now Playing
      </h6>
      <Link
        to="/favorites"
      >
        <h4
          className="h4--view-favorites title-link"
        >
          View Favorites
        </h4>
      </Link>
      <NavLink
        className="title-link"
        to="/login"
      >
        <h4
          className="h4--login"
          onClick={[MockFunction]}
        >
          Sign Out
        </h4>
      </NavLink>
    </div>
  </header>
  <div
    className="movies"
  >
    <Connect(MovieCard)
      active="inactive"
      handleFavourite={[MockFunction]}
      id={456}
      key="456"
      overview="yada yada"
      popularity={462.91}
      poster_path="https://pottersworld.com"
      release_date="10-02-10"
      title="Harry Potter and the Sorceres Stone"
      vote_avarage={3775}
    />
    <Connect(MovieCard)
      active="inactive"
      handleFavourite={[MockFunction]}
      id={457}
      key="457"
      overview="yada yada"
      popularity={462.91}
      poster_path="https://pottersworld.com"
      release_date="10-02-10"
      title="Harry Potter and the Sorceres Stone"
      vote_avarage={3775}
    />
  </div>
</section>
`;
