// Jest Snapshot v1, https://goo.gl/fbAQLP

exports[`App should match snapshot with correct data passing through 1`] = `
<section
  className="app"
>
  <Route
    exact={true}
    path="/login"
    render={[Function]}
  />
  <Route
    exact={true}
    path="/"
    render={[Function]}
  />
  <Route
    exact={true}
    path="/favorites"
    render={[Function]}
  />
  <Route
    exact={true}
    path="/movies/:id"
    render={[Function]}
  />
</section>
`;
