// Jest Snapshot v1, https://goo.gl/fbAQLP

exports[`Favourites Container should match snapshot with all data being passed in correctly 1`] = `
<section>
  <h1>
    Error: Login
  </h1>
</section>
`;
