// Jest Snapshot v1, https://goo.gl/fbAQLP

exports[`MoviePage should match snapshot with all data being passed in correctly 1`] = `
<section
  className="movie_page"
>
  <h1
    className="movie__page--title"
  />
  <img
    className="movie__page--img"
  />
  <h2>
    Release: 
  </h2>
  <h2>
    Rating: 
  </h2>
  <img
    className="movie__page--img"
  />
  <h3 />
  <Link
    to="/"
  >
    <button>
      Back
    </button>
  </Link>
</section>
`;
