// Jest Snapshot v1, https://goo.gl/fbAQLP

exports[`MovieCardContainer MovieCard should match snapshot with all data passing through correctly 1`] = `undefined`;
